// Jest Snapshot v1, https://goo.gl/fbAQLP

exports[`App component renders App 1`] = `
<Fragment>
  <header
    className="Header"
  >
    <Header />
  </header>
  <main
    className="Main"
  >
    <article
      className="Left"
    >
      <History />
    </article>
    <article
      className="Right"
    >
      <Form />
      <Display />
    </article>
  </main>
</Fragment>
`;
