// Jest Snapshot v1, https://goo.gl/fbAQLP

exports[`Display component renders Display 1`] = `
<ContextProvider
  value={
    Object {
      "dispatch": [Function],
      "handleChange": [Function],
      "handleClear": [Function],
      "handleClick": [Function],
      "handleSubmit": [Function],
      "state": Object {
        "auth": "none",
        "body": "",
        "method": "",
        "password": "",
        "requests": Array [],
        "res": Object {},
        "token": "",
        "url": "",
        "username": "",
      },
    }
  }
>
  <Display />
</ContextProvider>
`;
